=== True EqualDist BC warm-start PPO fine-tuning ===
RUN_NAME=warmstart_equaldist_true_bs_s2
SEED=2
TRAIN_CONTEXTS=BalancedSupplierContext
WARM_START=1
WARM_START_MODEL_DIR=myagent/models/bc_equaldist_true_bs_test
Detected 48 cores from SLURM_CPUS_PER_TASK → using 8 envs per model (1 model(s) training in parallel)
=== Training config ===
ntrain: 400000
contexts: ['BalancedSupplierContext']
run_name: warmstart_equaldist_true_bs_s2
seed: 2
diagnostics_freq: 10000
rl_agent_code: On
log_world: False (robust)
warm_start: 1
warm_start_model_dir: myagent/models/bc_equaldist_true_bs_test
warm_start_strict: 1
warm_start_reset_timesteps: 1
=== Resolved reward weights (per context) ===
BalancedSupplierContext: {'score_delta_weight': 3.0, 'need_weight': 0.05, 
'time_pressure_weight': 1.0, 'margin_weight': 0.3}
Training as BalancedSupplierContext
=== Warm start config ===
context: BalancedSupplierContext
warm_start_model_dir: myagent/models/bc_equaldist_true_bs_test
warm_start_path: 
myagent/models/bc_equaldist_true_bs_test/mymodelBalancedSupplierContext.zip
warm_start_strict: True
warm_start_reset_timesteps: True
Warm starting BalancedSupplierContext from 
myagent/models/bc_equaldist_true_bs_test/mymodelBalancedSupplierContext.zip
============ Job Information ===================================================
Submitted: 2026-07-13T11:24:37
Started: 2026-07-13T12:56:07
Ended: 2026-07-13T13:37:51
Elapsed: 42 min, Limit: 180 min, Difference: 138 min
CPUs: 48, Nodes: 1
Estimated credit Consumption:  core-hours
================================================================================
