=== Sweep config ===
task_id=2
RUN_NAME=ppo_sweep_bs_02_score_delta_05
TRAIN_CONTEXTS=BalancedSupplierContext
REWARD_SCORE_DELTA_WEIGHT=0.5
REWARD_NEED_WEIGHT=0.0
REWARD_SHORTFALL_WEIGHT=0.0
REWARD_OVERSHOOT_WEIGHT=0.0
REWARD_DISPOSAL_WEIGHT=0.0
REWARD_PRODUCTIVITY_WEIGHT=0.0
REWARD_TIME_PRESSURE_WEIGHT=1.0
REWARD_NEED_NORMALIZER=0.0
Detected 48 cores from SLURM_CPUS_PER_TASK → using 8 envs per model (1 model(s) training in parallel)
=== Training config ===
ntrain: 300000
contexts: ['BalancedSupplierContext']
run_name: ppo_sweep_bs_02_score_delta_05
eval_freq: 50000
n_eval_episodes: 3
reward_score_delta_weight: 0.5
reward_need_weight: 0.0
reward_shortfall_weight: 0.0
reward_overshoot_weight: 0.0
reward_disposal_weight: 0.0
reward_productivity_weight: 0.0
reward_time_pressure_weight: 1.0
reward_need_normalizer: 0.0
diagnostics_freq: 10000
rl_agent_code: On
Training as BalancedSupplierContext
============ Job Information ===================================================
Submitted: 2026-06-25T00:39:09
Started: 2026-06-25T01:42:46
Ended: 2026-06-25T02:11:58
Elapsed: 30 min, Limit: 180 min, Difference: 150 min
CPUs: 48, Nodes: 1
Estimated credit Consumption:  core-hours
================================================================================
